Archive member included to satisfy reference by file (symbol)

e:/amit embedded/tooling/toolchains/avr/bin/../lib/gcc/avr/7.3.0/avr5\libgcc.a(_udivmodqi4.o)
                              HLCD_program.o (__udivmodqi4)
e:/amit embedded/tooling/toolchains/avr/bin/../lib/gcc/avr/7.3.0/avr5\libgcc.a(_udivmodhi4.o)
                              HLCD_program.o (__udivmodhi4)
e:/amit embedded/tooling/toolchains/avr/bin/../lib/gcc/avr/7.3.0/avr5\libgcc.a(_udivmodsi4.o)
                              MTIMER_program.o (__udivmodsi4)
e:/amit embedded/tooling/toolchains/avr/bin/../lib/gcc/avr/7.3.0/avr5\libgcc.a(_exit.o)
                              e:/amit embedded/tooling/toolchains/avr/bin/../lib/gcc/avr/7.3.0/../../../../avr/lib/avr5/crtatmega32.o (exit)
e:/amit embedded/tooling/toolchains/avr/bin/../lib/gcc/avr/7.3.0/avr5\libgcc.a(_copy_data.o)
                              main.o (__do_copy_data)
e:/amit embedded/tooling/toolchains/avr/bin/../lib/gcc/avr/7.3.0/avr5\libgcc.a(_clear_bss.o)
                              MTIMER_program.o (__do_clear_bss)
e:/amit embedded/tooling/toolchains/avr/bin/../lib/gcc/avr/7.3.0/avr5\libgcc.a(_umulhisi3.o)
                              MTIMER_program.o (__umulhisi3)
e:/amit embedded/tooling/toolchains/avr/bin/../lib/gcc/avr/7.3.0/../../../../avr/lib/avr5\libm.a(divsf3.o)
                              main.o (__divsf3)
e:/amit embedded/tooling/toolchains/avr/bin/../lib/gcc/avr/7.3.0/../../../../avr/lib/avr5\libm.a(divsf3x.o)
                              e:/amit embedded/tooling/toolchains/avr/bin/../lib/gcc/avr/7.3.0/../../../../avr/lib/avr5\libm.a(divsf3.o) (__divsf3x)
e:/amit embedded/tooling/toolchains/avr/bin/../lib/gcc/avr/7.3.0/../../../../avr/lib/avr5\libm.a(fixsfsi.o)
                              main.o (__fixsfsi)
e:/amit embedded/tooling/toolchains/avr/bin/../lib/gcc/avr/7.3.0/../../../../avr/lib/avr5\libm.a(fixunssfsi.o)
                              e:/amit embedded/tooling/toolchains/avr/bin/../lib/gcc/avr/7.3.0/../../../../avr/lib/avr5\libm.a(fixsfsi.o) (__fixunssfsi)
e:/amit embedded/tooling/toolchains/avr/bin/../lib/gcc/avr/7.3.0/../../../../avr/lib/avr5\libm.a(floatsisf.o)
                              main.o (__floatsisf)
e:/amit embedded/tooling/toolchains/avr/bin/../lib/gcc/avr/7.3.0/../../../../avr/lib/avr5\libm.a(fp_inf.o)
                              e:/amit embedded/tooling/toolchains/avr/bin/../lib/gcc/avr/7.3.0/../../../../avr/lib/avr5\libm.a(divsf3x.o) (__fp_inf)
e:/amit embedded/tooling/toolchains/avr/bin/../lib/gcc/avr/7.3.0/../../../../avr/lib/avr5\libm.a(fp_nan.o)
                              e:/amit embedded/tooling/toolchains/avr/bin/../lib/gcc/avr/7.3.0/../../../../avr/lib/avr5\libm.a(divsf3x.o) (__fp_nan)
e:/amit embedded/tooling/toolchains/avr/bin/../lib/gcc/avr/7.3.0/../../../../avr/lib/avr5\libm.a(fp_pscA.o)
                              e:/amit embedded/tooling/toolchains/avr/bin/../lib/gcc/avr/7.3.0/../../../../avr/lib/avr5\libm.a(divsf3x.o) (__fp_pscA)
e:/amit embedded/tooling/toolchains/avr/bin/../lib/gcc/avr/7.3.0/../../../../avr/lib/avr5\libm.a(fp_pscB.o)
                              e:/amit embedded/tooling/toolchains/avr/bin/../lib/gcc/avr/7.3.0/../../../../avr/lib/avr5\libm.a(divsf3x.o) (__fp_pscB)
e:/amit embedded/tooling/toolchains/avr/bin/../lib/gcc/avr/7.3.0/../../../../avr/lib/avr5\libm.a(fp_round.o)
                              e:/amit embedded/tooling/toolchains/avr/bin/../lib/gcc/avr/7.3.0/../../../../avr/lib/avr5\libm.a(divsf3.o) (__fp_round)
e:/amit embedded/tooling/toolchains/avr/bin/../lib/gcc/avr/7.3.0/../../../../avr/lib/avr5\libm.a(fp_split3.o)
                              e:/amit embedded/tooling/toolchains/avr/bin/../lib/gcc/avr/7.3.0/../../../../avr/lib/avr5\libm.a(divsf3x.o) (__fp_split3)
e:/amit embedded/tooling/toolchains/avr/bin/../lib/gcc/avr/7.3.0/../../../../avr/lib/avr5\libm.a(fp_zero.o)
                              e:/amit embedded/tooling/toolchains/avr/bin/../lib/gcc/avr/7.3.0/../../../../avr/lib/avr5\libm.a(fixunssfsi.o) (__fp_zero)

Memory Configuration

Name             Origin             Length             Attributes
text             0x00000000         0x00020000         xr
data             0x00800060         0x0000ffa0         rw !x
eeprom           0x00810000         0x00010000         rw !x
fuse             0x00820000         0x00000002         rw !x
lock             0x00830000         0x00000400         rw !x
signature        0x00840000         0x00000400         rw !x
user_signatures  0x00850000         0x00000400         rw !x
*default*        0x00000000         0xffffffff

Linker script and memory map

LOAD e:/amit embedded/tooling/toolchains/avr/bin/../lib/gcc/avr/7.3.0/../../../../avr/lib/avr5/crtatmega32.o
LOAD main.o
LOAD MDIO_program.o
LOAD MTIMER_program.o
LOAD HLCD_program.o
START GROUP
LOAD e:/amit embedded/tooling/toolchains/avr/bin/../lib/gcc/avr/7.3.0/avr5\libgcc.a
LOAD e:/amit embedded/tooling/toolchains/avr/bin/../lib/gcc/avr/7.3.0/../../../../avr/lib/avr5\libm.a
LOAD e:/amit embedded/tooling/toolchains/avr/bin/../lib/gcc/avr/7.3.0/../../../../avr/lib/avr5\libc.a
LOAD e:/amit embedded/tooling/toolchains/avr/bin/../lib/gcc/avr/7.3.0/../../../../avr/lib/avr5\libatmega32.a
END GROUP
                0x00020000                __TEXT_REGION_LENGTH__ = DEFINED (__TEXT_REGION_LENGTH__)?__TEXT_REGION_LENGTH__:0x20000
                0x0000ffa0                __DATA_REGION_LENGTH__ = DEFINED (__DATA_REGION_LENGTH__)?__DATA_REGION_LENGTH__:0xffa0
                0x00010000                __EEPROM_REGION_LENGTH__ = DEFINED (__EEPROM_REGION_LENGTH__)?__EEPROM_REGION_LENGTH__:0x10000
                [0x00000002]                __FUSE_REGION_LENGTH__ = DEFINED (__FUSE_REGION_LENGTH__)?__FUSE_REGION_LENGTH__:0x400
                0x00000400                __LOCK_REGION_LENGTH__ = DEFINED (__LOCK_REGION_LENGTH__)?__LOCK_REGION_LENGTH__:0x400
                0x00000400                __SIGNATURE_REGION_LENGTH__ = DEFINED (__SIGNATURE_REGION_LENGTH__)?__SIGNATURE_REGION_LENGTH__:0x400
                0x00000400                __USER_SIGNATURE_REGION_LENGTH__ = DEFINED (__USER_SIGNATURE_REGION_LENGTH__)?__USER_SIGNATURE_REGION_LENGTH__:0x400
                0x00800060                __DATA_REGION_ORIGIN__ = DEFINED (__DATA_REGION_ORIGIN__)?__DATA_REGION_ORIGIN__:0x800060

.hash
 *(.hash)

.dynsym
 *(.dynsym)

.dynstr
 *(.dynstr)

.gnu.version
 *(.gnu.version)

.gnu.version_d
 *(.gnu.version_d)

.gnu.version_r
 *(.gnu.version_r)

.rel.init
 *(.rel.init)

.rela.init
 *(.rela.init)

.rel.text
 *(.rel.text)
 *(.rel.text.*)
 *(.rel.gnu.linkonce.t*)

.rela.text
 *(.rela.text)
 *(.rela.text.*)
 *(.rela.gnu.linkonce.t*)

.rel.fini
 *(.rel.fini)

.rela.fini
 *(.rela.fini)

.rel.rodata
 *(.rel.rodata)
 *(.rel.rodata.*)
 *(.rel.gnu.linkonce.r*)

.rela.rodata
 *(.rela.rodata)
 *(.rela.rodata.*)
 *(.rela.gnu.linkonce.r*)

.rel.data
 *(.rel.data)
 *(.rel.data.*)
 *(.rel.gnu.linkonce.d*)

.rela.data
 *(.rela.data)
 *(.rela.data.*)
 *(.rela.gnu.linkonce.d*)

.rel.ctors
 *(.rel.ctors)

.rela.ctors
 *(.rela.ctors)

.rel.dtors
 *(.rel.dtors)

.rela.dtors
 *(.rela.dtors)

.rel.got
 *(.rel.got)

.rela.got
 *(.rela.got)

.rel.bss
 *(.rel.bss)

.rela.bss
 *(.rela.bss)

.rel.plt
 *(.rel.plt)

.rela.plt
 *(.rela.plt)

.text           0x00000000      0xd18
 *(.vectors)
 .vectors       0x00000000       0x54 e:/amit embedded/tooling/toolchains/avr/bin/../lib/gcc/avr/7.3.0/../../../../avr/lib/avr5/crtatmega32.o
                0x00000000                __vector_default
                0x00000000                __vectors
 *(.vectors)
 *(.progmem.gcc*)
                0x00000054                . = ALIGN (0x2)
                0x00000054                __trampolines_start = .
 *(.trampolines)
 .trampolines   0x00000054        0x0 linker stubs
 *(.trampolines*)
                0x00000054                __trampolines_end = .
 *libprintf_flt.a:*(.progmem.data)
 *libc.a:*(.progmem.data)
 *(.progmem*)
                0x00000054                . = ALIGN (0x2)
 *(.jumptables)
 *(.jumptables*)
 *(.lowtext)
 *(.lowtext*)
                0x00000054                __ctors_start = .
 *(.ctors)
                0x00000054                __ctors_end = .
                0x00000054                __dtors_start = .
 *(.dtors)
                0x00000054                __dtors_end = .
 SORT(*)(.ctors)
 SORT(*)(.dtors)
 *(.init0)
 .init0         0x00000054        0x0 e:/amit embedded/tooling/toolchains/avr/bin/../lib/gcc/avr/7.3.0/../../../../avr/lib/avr5/crtatmega32.o
                0x00000054                __init
 *(.init0)
 *(.init1)
 *(.init1)
 *(.init2)
 .init2         0x00000054        0xc e:/amit embedded/tooling/toolchains/avr/bin/../lib/gcc/avr/7.3.0/../../../../avr/lib/avr5/crtatmega32.o
 *(.init2)
 *(.init3)
 *(.init3)
 *(.init4)
 .init4         0x00000060       0x16 e:/amit embedded/tooling/toolchains/avr/bin/../lib/gcc/avr/7.3.0/avr5\libgcc.a(_copy_data.o)
                0x00000060                __do_copy_data
 .init4         0x00000076       0x10 e:/amit embedded/tooling/toolchains/avr/bin/../lib/gcc/avr/7.3.0/avr5\libgcc.a(_clear_bss.o)
                0x00000076                __do_clear_bss
 *(.init4)
 *(.init5)
 *(.init5)
 *(.init6)
 *(.init6)
 *(.init7)
 *(.init7)
 *(.init8)
 *(.init8)
 *(.init9)
 .init9         0x00000086        0x8 e:/amit embedded/tooling/toolchains/avr/bin/../lib/gcc/avr/7.3.0/../../../../avr/lib/avr5/crtatmega32.o
 *(.init9)
 *(.text)
 .text          0x0000008e        0x4 e:/amit embedded/tooling/toolchains/avr/bin/../lib/gcc/avr/7.3.0/../../../../avr/lib/avr5/crtatmega32.o
                0x0000008e                __vector_1
                0x0000008e                __vector_12
                0x0000008e                __bad_interrupt
                0x0000008e                __vector_6
                0x0000008e                __vector_3
                0x0000008e                __vector_11
                0x0000008e                __vector_13
                0x0000008e                __vector_17
                0x0000008e                __vector_19
                0x0000008e                __vector_7
                0x0000008e                __vector_5
                0x0000008e                __vector_9
                0x0000008e                __vector_2
                0x0000008e                __vector_15
                0x0000008e                __vector_8
                0x0000008e                __vector_14
                0x0000008e                __vector_16
                0x0000008e                __vector_18
                0x0000008e                __vector_20
 .text          0x00000092      0x10a main.o
                0x00000092                displayInfo
 .text          0x0000019c       0xe6 MDIO_program.o
                0x0000019c                mdio_setPinStatus
                0x00000204                mdio_setPinValue
                0x00000242                mdio_togglePinValue
                0x0000025c                mdio_getPinValue
 .text          0x00000282      0x3de MTIMER_program.o
                0x00000290                mtimer_init
                0x000002ea                mtimer_delayMs_synchronous
                0x00000336                mtimer_delayMs_asynchronous
                0x000003b0                mtimer_runPWM_signal
                0x000003cc                mtimer_startPWM_signal
                0x00000402                mtimer_stopPWM_signal
                0x00000420                mtimer_getSignal_duty_and_freq
                0x0000050e                __vector_10
                0x000005be                __vector_4
 .text          0x00000660      0x322 HLCD_program.o
                0x000007f4                hlcd_init
                0x000008b6                hlcd_displayCharacter
                0x000008ba                hlcd_displayString
                0x000008d2                hlcd_displayPosition
                0x000008e8                Lcd_DisplayNum
                0x00000932                Lcd_Display3Num
                0x00000968                Lcd_Display2Num
 .text          0x00000982        0x0 e:/amit embedded/tooling/toolchains/avr/bin/../lib/gcc/avr/7.3.0/avr5\libgcc.a(_udivmodqi4.o)
 .text          0x00000982        0x0 e:/amit embedded/tooling/toolchains/avr/bin/../lib/gcc/avr/7.3.0/avr5\libgcc.a(_udivmodhi4.o)
 .text          0x00000982        0x0 e:/amit embedded/tooling/toolchains/avr/bin/../lib/gcc/avr/7.3.0/avr5\libgcc.a(_udivmodsi4.o)
 .text          0x00000982        0x0 e:/amit embedded/tooling/toolchains/avr/bin/../lib/gcc/avr/7.3.0/avr5\libgcc.a(_exit.o)
 .text          0x00000982        0x0 e:/amit embedded/tooling/toolchains/avr/bin/../lib/gcc/avr/7.3.0/avr5\libgcc.a(_copy_data.o)
 .text          0x00000982        0x0 e:/amit embedded/tooling/toolchains/avr/bin/../lib/gcc/avr/7.3.0/avr5\libgcc.a(_clear_bss.o)
 .text          0x00000982        0x0 e:/amit embedded/tooling/toolchains/avr/bin/../lib/gcc/avr/7.3.0/avr5\libgcc.a(_umulhisi3.o)
 .text          0x00000982        0x0 e:/amit embedded/tooling/toolchains/avr/bin/../lib/gcc/avr/7.3.0/../../../../avr/lib/avr5\libm.a(divsf3.o)
 .text          0x00000982        0x0 e:/amit embedded/tooling/toolchains/avr/bin/../lib/gcc/avr/7.3.0/../../../../avr/lib/avr5\libm.a(divsf3x.o)
 .text          0x00000982        0x0 e:/amit embedded/tooling/toolchains/avr/bin/../lib/gcc/avr/7.3.0/../../../../avr/lib/avr5\libm.a(fixsfsi.o)
 .text          0x00000982        0x0 e:/amit embedded/tooling/toolchains/avr/bin/../lib/gcc/avr/7.3.0/../../../../avr/lib/avr5\libm.a(fixunssfsi.o)
 .text          0x00000982        0x0 e:/amit embedded/tooling/toolchains/avr/bin/../lib/gcc/avr/7.3.0/../../../../avr/lib/avr5\libm.a(floatsisf.o)
 .text          0x00000982        0x0 e:/amit embedded/tooling/toolchains/avr/bin/../lib/gcc/avr/7.3.0/../../../../avr/lib/avr5\libm.a(fp_inf.o)
 .text          0x00000982        0x0 e:/amit embedded/tooling/toolchains/avr/bin/../lib/gcc/avr/7.3.0/../../../../avr/lib/avr5\libm.a(fp_nan.o)
 .text          0x00000982        0x0 e:/amit embedded/tooling/toolchains/avr/bin/../lib/gcc/avr/7.3.0/../../../../avr/lib/avr5\libm.a(fp_pscA.o)
 .text          0x00000982        0x0 e:/amit embedded/tooling/toolchains/avr/bin/../lib/gcc/avr/7.3.0/../../../../avr/lib/avr5\libm.a(fp_pscB.o)
 .text          0x00000982        0x0 e:/amit embedded/tooling/toolchains/avr/bin/../lib/gcc/avr/7.3.0/../../../../avr/lib/avr5\libm.a(fp_round.o)
 .text          0x00000982        0x0 e:/amit embedded/tooling/toolchains/avr/bin/../lib/gcc/avr/7.3.0/../../../../avr/lib/avr5\libm.a(fp_split3.o)
 .text          0x00000982        0x0 e:/amit embedded/tooling/toolchains/avr/bin/../lib/gcc/avr/7.3.0/../../../../avr/lib/avr5\libm.a(fp_zero.o)
                0x00000982                . = ALIGN (0x2)
 *(.text.*)
 .text.startup  0x00000982       0x84 main.o
                0x00000982                main
 .text.libgcc.mul
                0x00000a06        0x0 e:/amit embedded/tooling/toolchains/avr/bin/../lib/gcc/avr/7.3.0/avr5\libgcc.a(_udivmodqi4.o)
 .text.libgcc.div
                0x00000a06       0x18 e:/amit embedded/tooling/toolchains/avr/bin/../lib/gcc/avr/7.3.0/avr5\libgcc.a(_udivmodqi4.o)
                0x00000a06                __udivmodqi4
 .text.libgcc   0x00000a1e        0x0 e:/amit embedded/tooling/toolchains/avr/bin/../lib/gcc/avr/7.3.0/avr5\libgcc.a(_udivmodqi4.o)
 .text.libgcc.prologue
                0x00000a1e        0x0 e:/amit embedded/tooling/toolchains/avr/bin/../lib/gcc/avr/7.3.0/avr5\libgcc.a(_udivmodqi4.o)
 .text.libgcc.builtins
                0x00000a1e        0x0 e:/amit embedded/tooling/toolchains/avr/bin/../lib/gcc/avr/7.3.0/avr5\libgcc.a(_udivmodqi4.o)
 .text.libgcc.fmul
                0x00000a1e        0x0 e:/amit embedded/tooling/toolchains/avr/bin/../lib/gcc/avr/7.3.0/avr5\libgcc.a(_udivmodqi4.o)
 .text.libgcc.fixed
                0x00000a1e        0x0 e:/amit embedded/tooling/toolchains/avr/bin/../lib/gcc/avr/7.3.0/avr5\libgcc.a(_udivmodqi4.o)
 .text.libgcc.mul
                0x00000a1e        0x0 e:/amit embedded/tooling/toolchains/avr/bin/../lib/gcc/avr/7.3.0/avr5\libgcc.a(_udivmodhi4.o)
 .text.libgcc.div
                0x00000a1e       0x28 e:/amit embedded/tooling/toolchains/avr/bin/../lib/gcc/avr/7.3.0/avr5\libgcc.a(_udivmodhi4.o)
                0x00000a1e                __udivmodhi4
 .text.libgcc   0x00000a46        0x0 e:/amit embedded/tooling/toolchains/avr/bin/../lib/gcc/avr/7.3.0/avr5\libgcc.a(_udivmodhi4.o)
 .text.libgcc.prologue
                0x00000a46        0x0 e:/amit embedded/tooling/toolchains/avr/bin/../lib/gcc/avr/7.3.0/avr5\libgcc.a(_udivmodhi4.o)
 .text.libgcc.builtins
                0x00000a46        0x0 e:/amit embedded/tooling/toolchains/avr/bin/../lib/gcc/avr/7.3.0/avr5\libgcc.a(_udivmodhi4.o)
 .text.libgcc.fmul
                0x00000a46        0x0 e:/amit embedded/tooling/toolchains/avr/bin/../lib/gcc/avr/7.3.0/avr5\libgcc.a(_udivmodhi4.o)
 .text.libgcc.fixed
                0x00000a46        0x0 e:/amit embedded/tooling/toolchains/avr/bin/../lib/gcc/avr/7.3.0/avr5\libgcc.a(_udivmodhi4.o)
 .text.libgcc.mul
                0x00000a46        0x0 e:/amit embedded/tooling/toolchains/avr/bin/../lib/gcc/avr/7.3.0/avr5\libgcc.a(_udivmodsi4.o)
 .text.libgcc.div
                0x00000a46       0x44 e:/amit embedded/tooling/toolchains/avr/bin/../lib/gcc/avr/7.3.0/avr5\libgcc.a(_udivmodsi4.o)
                0x00000a46                __udivmodsi4
 .text.libgcc   0x00000a8a        0x0 e:/amit embedded/tooling/toolchains/avr/bin/../lib/gcc/avr/7.3.0/avr5\libgcc.a(_udivmodsi4.o)
 .text.libgcc.prologue
                0x00000a8a        0x0 e:/amit embedded/tooling/toolchains/avr/bin/../lib/gcc/avr/7.3.0/avr5\libgcc.a(_udivmodsi4.o)
 .text.libgcc.builtins
                0x00000a8a        0x0 e:/amit embedded/tooling/toolchains/avr/bin/../lib/gcc/avr/7.3.0/avr5\libgcc.a(_udivmodsi4.o)
 .text.libgcc.fmul
                0x00000a8a        0x0 e:/amit embedded/tooling/toolchains/avr/bin/../lib/gcc/avr/7.3.0/avr5\libgcc.a(_udivmodsi4.o)
 .text.libgcc.fixed
                0x00000a8a        0x0 e:/amit embedded/tooling/toolchains/avr/bin/../lib/gcc/avr/7.3.0/avr5\libgcc.a(_udivmodsi4.o)
 .text.libgcc.mul
                0x00000a8a        0x0 e:/amit embedded/tooling/toolchains/avr/bin/../lib/gcc/avr/7.3.0/avr5\libgcc.a(_exit.o)
 .text.libgcc.div
                0x00000a8a        0x0 e:/amit embedded/tooling/toolchains/avr/bin/../lib/gcc/avr/7.3.0/avr5\libgcc.a(_exit.o)
 .text.libgcc   0x00000a8a        0x0 e:/amit embedded/tooling/toolchains/avr/bin/../lib/gcc/avr/7.3.0/avr5\libgcc.a(_exit.o)
 .text.libgcc.prologue
                0x00000a8a        0x0 e:/amit embedded/tooling/toolchains/avr/bin/../lib/gcc/avr/7.3.0/avr5\libgcc.a(_exit.o)
 .text.libgcc.builtins
                0x00000a8a        0x0 e:/amit embedded/tooling/toolchains/avr/bin/../lib/gcc/avr/7.3.0/avr5\libgcc.a(_exit.o)
 .text.libgcc.fmul
                0x00000a8a        0x0 e:/amit embedded/tooling/toolchains/avr/bin/../lib/gcc/avr/7.3.0/avr5\libgcc.a(_exit.o)
 .text.libgcc.fixed
                0x00000a8a        0x0 e:/amit embedded/tooling/toolchains/avr/bin/../lib/gcc/avr/7.3.0/avr5\libgcc.a(_exit.o)
 .text.libgcc.mul
                0x00000a8a        0x0 e:/amit embedded/tooling/toolchains/avr/bin/../lib/gcc/avr/7.3.0/avr5\libgcc.a(_copy_data.o)
 .text.libgcc.div
                0x00000a8a        0x0 e:/amit embedded/tooling/toolchains/avr/bin/../lib/gcc/avr/7.3.0/avr5\libgcc.a(_copy_data.o)
 .text.libgcc   0x00000a8a        0x0 e:/amit embedded/tooling/toolchains/avr/bin/../lib/gcc/avr/7.3.0/avr5\libgcc.a(_copy_data.o)
 .text.libgcc.prologue
                0x00000a8a        0x0 e:/amit embedded/tooling/toolchains/avr/bin/../lib/gcc/avr/7.3.0/avr5\libgcc.a(_copy_data.o)
 .text.libgcc.builtins
                0x00000a8a        0x0 e:/amit embedded/tooling/toolchains/avr/bin/../lib/gcc/avr/7.3.0/avr5\libgcc.a(_copy_data.o)
 .text.libgcc.fmul
                0x00000a8a        0x0 e:/amit embedded/tooling/toolchains/avr/bin/../lib/gcc/avr/7.3.0/avr5\libgcc.a(_copy_data.o)
 .text.libgcc.fixed
                0x00000a8a        0x0 e:/amit embedded/tooling/toolchains/avr/bin/../lib/gcc/avr/7.3.0/avr5\libgcc.a(_copy_data.o)
 .text.libgcc.mul
                0x00000a8a        0x0 e:/amit embedded/tooling/toolchains/avr/bin/../lib/gcc/avr/7.3.0/avr5\libgcc.a(_clear_bss.o)
 .text.libgcc.div
                0x00000a8a        0x0 e:/amit embedded/tooling/toolchains/avr/bin/../lib/gcc/avr/7.3.0/avr5\libgcc.a(_clear_bss.o)
 .text.libgcc   0x00000a8a        0x0 e:/amit embedded/tooling/toolchains/avr/bin/../lib/gcc/avr/7.3.0/avr5\libgcc.a(_clear_bss.o)
 .text.libgcc.prologue
                0x00000a8a        0x0 e:/amit embedded/tooling/toolchains/avr/bin/../lib/gcc/avr/7.3.0/avr5\libgcc.a(_clear_bss.o)
 .text.libgcc.builtins
                0x00000a8a        0x0 e:/amit embedded/tooling/toolchains/avr/bin/../lib/gcc/avr/7.3.0/avr5\libgcc.a(_clear_bss.o)
 .text.libgcc.fmul
                0x00000a8a        0x0 e:/amit embedded/tooling/toolchains/avr/bin/../lib/gcc/avr/7.3.0/avr5\libgcc.a(_clear_bss.o)
 .text.libgcc.fixed
                0x00000a8a        0x0 e:/amit embedded/tooling/toolchains/avr/bin/../lib/gcc/avr/7.3.0/avr5\libgcc.a(_clear_bss.o)
 .text.libgcc.mul
                0x00000a8a       0x1e e:/amit embedded/tooling/toolchains/avr/bin/../lib/gcc/avr/7.3.0/avr5\libgcc.a(_umulhisi3.o)
                0x00000a8a                __umulhisi3
 .text.libgcc.div
                0x00000aa8        0x0 e:/amit embedded/tooling/toolchains/avr/bin/../lib/gcc/avr/7.3.0/avr5\libgcc.a(_umulhisi3.o)
 .text.libgcc   0x00000aa8        0x0 e:/amit embedded/tooling/toolchains/avr/bin/../lib/gcc/avr/7.3.0/avr5\libgcc.a(_umulhisi3.o)
 .text.libgcc.prologue
                0x00000aa8        0x0 e:/amit embedded/tooling/toolchains/avr/bin/../lib/gcc/avr/7.3.0/avr5\libgcc.a(_umulhisi3.o)
 .text.libgcc.builtins
                0x00000aa8        0x0 e:/amit embedded/tooling/toolchains/avr/bin/../lib/gcc/avr/7.3.0/avr5\libgcc.a(_umulhisi3.o)
 .text.libgcc.fmul
                0x00000aa8        0x0 e:/amit embedded/tooling/toolchains/avr/bin/../lib/gcc/avr/7.3.0/avr5\libgcc.a(_umulhisi3.o)
 .text.libgcc.fixed
                0x00000aa8        0x0 e:/amit embedded/tooling/toolchains/avr/bin/../lib/gcc/avr/7.3.0/avr5\libgcc.a(_umulhisi3.o)
 .text.avr-libc.fplib
                0x00000aa8        0x8 e:/amit embedded/tooling/toolchains/avr/bin/../lib/gcc/avr/7.3.0/../../../../avr/lib/avr5\libm.a(divsf3.o)
                0x00000aa8                __divsf3
 .text.avr-libc.fplib
                0x00000ab0       0xdc e:/amit embedded/tooling/toolchains/avr/bin/../lib/gcc/avr/7.3.0/../../../../avr/lib/avr5\libm.a(divsf3x.o)
                0x00000ad0                __divsf3x
                0x00000ad6                __divsf3_pse
 .text.avr-libc.fplib
                0x00000b8c        0xe e:/amit embedded/tooling/toolchains/avr/bin/../lib/gcc/avr/7.3.0/../../../../avr/lib/avr5\libm.a(fixsfsi.o)
                0x00000b8c                __fixsfsi
 .text.avr-libc.fplib
                0x00000b9a       0x5e e:/amit embedded/tooling/toolchains/avr/bin/../lib/gcc/avr/7.3.0/../../../../avr/lib/avr5\libm.a(fixunssfsi.o)
                0x00000b9a                __fixunssfsi
 .text.avr-libc.fplib
                0x00000bf8       0x7a e:/amit embedded/tooling/toolchains/avr/bin/../lib/gcc/avr/7.3.0/../../../../avr/lib/avr5\libm.a(floatsisf.o)
                0x00000bf8                __floatunsisf
                0x00000bfc                __floatsisf
 .text.avr-libc.fplib
                0x00000c72        0xc e:/amit embedded/tooling/toolchains/avr/bin/../lib/gcc/avr/7.3.0/../../../../avr/lib/avr5\libm.a(fp_inf.o)
                0x00000c72                __fp_inf
 .text.avr-libc.fplib
                0x00000c7e        0x6 e:/amit embedded/tooling/toolchains/avr/bin/../lib/gcc/avr/7.3.0/../../../../avr/lib/avr5\libm.a(fp_nan.o)
                0x00000c7e                __fp_nan
 .text.avr-libc.fplib
                0x00000c84        0xe e:/amit embedded/tooling/toolchains/avr/bin/../lib/gcc/avr/7.3.0/../../../../avr/lib/avr5\libm.a(fp_pscA.o)
                0x00000c84                __fp_pscA
 .text.avr-libc.fplib
                0x00000c92        0xe e:/amit embedded/tooling/toolchains/avr/bin/../lib/gcc/avr/7.3.0/../../../../avr/lib/avr5\libm.a(fp_pscB.o)
                0x00000c92                __fp_pscB
 .text.avr-libc.fplib
                0x00000ca0       0x22 e:/amit embedded/tooling/toolchains/avr/bin/../lib/gcc/avr/7.3.0/../../../../avr/lib/avr5\libm.a(fp_round.o)
                0x00000ca0                __fp_round
 .text.avr-libc.fplib
                0x00000cc2       0x44 e:/amit embedded/tooling/toolchains/avr/bin/../lib/gcc/avr/7.3.0/../../../../avr/lib/avr5\libm.a(fp_split3.o)
                0x00000cc2                __fp_split3
                0x00000cd2                __fp_splitA
 .text.avr-libc.fplib
                0x00000d06        0xe e:/amit embedded/tooling/toolchains/avr/bin/../lib/gcc/avr/7.3.0/../../../../avr/lib/avr5\libm.a(fp_zero.o)
                0x00000d06                __fp_zero
                0x00000d08                __fp_szero
                0x00000d14                . = ALIGN (0x2)
 *(.fini9)
 .fini9         0x00000d14        0x0 e:/amit embedded/tooling/toolchains/avr/bin/../lib/gcc/avr/7.3.0/avr5\libgcc.a(_exit.o)
                0x00000d14                _exit
                0x00000d14                exit
 *(.fini9)
 *(.fini8)
 *(.fini8)
 *(.fini7)
 *(.fini7)
 *(.fini6)
 *(.fini6)
 *(.fini5)
 *(.fini5)
 *(.fini4)
 *(.fini4)
 *(.fini3)
 *(.fini3)
 *(.fini2)
 *(.fini2)
 *(.fini1)
 *(.fini1)
 *(.fini0)
 .fini0         0x00000d14        0x4 e:/amit embedded/tooling/toolchains/avr/bin/../lib/gcc/avr/7.3.0/avr5\libgcc.a(_exit.o)
 *(.fini0)
                0x00000d18                _etext = .

.data           0x00800060       0x26 load address 0x00000d18
                0x00800060                PROVIDE (__data_start, .)
 *(.data)
 .data          0x00800060        0x0 e:/amit embedded/tooling/toolchains/avr/bin/../lib/gcc/avr/7.3.0/../../../../avr/lib/avr5/crtatmega32.o
 .data          0x00800060        0x0 main.o
 .data          0x00800060        0x0 MDIO_program.o
 .data          0x00800060        0x0 MTIMER_program.o
 .data          0x00800060        0x0 HLCD_program.o
 .data          0x00800060        0x0 e:/amit embedded/tooling/toolchains/avr/bin/../lib/gcc/avr/7.3.0/avr5\libgcc.a(_udivmodqi4.o)
 .data          0x00800060        0x0 e:/amit embedded/tooling/toolchains/avr/bin/../lib/gcc/avr/7.3.0/avr5\libgcc.a(_udivmodhi4.o)
 .data          0x00800060        0x0 e:/amit embedded/tooling/toolchains/avr/bin/../lib/gcc/avr/7.3.0/avr5\libgcc.a(_udivmodsi4.o)
 .data          0x00800060        0x0 e:/amit embedded/tooling/toolchains/avr/bin/../lib/gcc/avr/7.3.0/avr5\libgcc.a(_exit.o)
 .data          0x00800060        0x0 e:/amit embedded/tooling/toolchains/avr/bin/../lib/gcc/avr/7.3.0/avr5\libgcc.a(_copy_data.o)
 .data          0x00800060        0x0 e:/amit embedded/tooling/toolchains/avr/bin/../lib/gcc/avr/7.3.0/avr5\libgcc.a(_clear_bss.o)
 .data          0x00800060        0x0 e:/amit embedded/tooling/toolchains/avr/bin/../lib/gcc/avr/7.3.0/avr5\libgcc.a(_umulhisi3.o)
 .data          0x00800060        0x0 e:/amit embedded/tooling/toolchains/avr/bin/../lib/gcc/avr/7.3.0/../../../../avr/lib/avr5\libm.a(divsf3.o)
 .data          0x00800060        0x0 e:/amit embedded/tooling/toolchains/avr/bin/../lib/gcc/avr/7.3.0/../../../../avr/lib/avr5\libm.a(divsf3x.o)
 .data          0x00800060        0x0 e:/amit embedded/tooling/toolchains/avr/bin/../lib/gcc/avr/7.3.0/../../../../avr/lib/avr5\libm.a(fixsfsi.o)
 .data          0x00800060        0x0 e:/amit embedded/tooling/toolchains/avr/bin/../lib/gcc/avr/7.3.0/../../../../avr/lib/avr5\libm.a(fixunssfsi.o)
 .data          0x00800060        0x0 e:/amit embedded/tooling/toolchains/avr/bin/../lib/gcc/avr/7.3.0/../../../../avr/lib/avr5\libm.a(floatsisf.o)
 .data          0x00800060        0x0 e:/amit embedded/tooling/toolchains/avr/bin/../lib/gcc/avr/7.3.0/../../../../avr/lib/avr5\libm.a(fp_inf.o)
 .data          0x00800060        0x0 e:/amit embedded/tooling/toolchains/avr/bin/../lib/gcc/avr/7.3.0/../../../../avr/lib/avr5\libm.a(fp_nan.o)
 .data          0x00800060        0x0 e:/amit embedded/tooling/toolchains/avr/bin/../lib/gcc/avr/7.3.0/../../../../avr/lib/avr5\libm.a(fp_pscA.o)
 .data          0x00800060        0x0 e:/amit embedded/tooling/toolchains/avr/bin/../lib/gcc/avr/7.3.0/../../../../avr/lib/avr5\libm.a(fp_pscB.o)
 .data          0x00800060        0x0 e:/amit embedded/tooling/toolchains/avr/bin/../lib/gcc/avr/7.3.0/../../../../avr/lib/avr5\libm.a(fp_round.o)
 .data          0x00800060        0x0 e:/amit embedded/tooling/toolchains/avr/bin/../lib/gcc/avr/7.3.0/../../../../avr/lib/avr5\libm.a(fp_split3.o)
 .data          0x00800060        0x0 e:/amit embedded/tooling/toolchains/avr/bin/../lib/gcc/avr/7.3.0/../../../../avr/lib/avr5\libm.a(fp_zero.o)
 *(.data*)
 *(.gnu.linkonce.d*)
 *(.rodata)
 .rodata        0x00800060       0x18 MDIO_program.o
 *(.rodata*)
 .rodata.str1.1
                0x00800078        0xd main.o
 *(.gnu.linkonce.r*)
                0x00800086                . = ALIGN (0x2)
 *fill*         0x00800085        0x1 
                0x00800086                _edata = .
                0x00800086                PROVIDE (__data_end, .)

.bss            0x00800086       0x18
                0x00800086                PROVIDE (__bss_start, .)
 *(.bss)
 .bss           0x00800086        0x0 e:/amit embedded/tooling/toolchains/avr/bin/../lib/gcc/avr/7.3.0/../../../../avr/lib/avr5/crtatmega32.o
 .bss           0x00800086        0x0 main.o
 .bss           0x00800086        0x0 MDIO_program.o
 .bss           0x00800086       0x18 MTIMER_program.o
 .bss           0x0080009e        0x0 HLCD_program.o
 .bss           0x0080009e        0x0 e:/amit embedded/tooling/toolchains/avr/bin/../lib/gcc/avr/7.3.0/avr5\libgcc.a(_udivmodqi4.o)
 .bss           0x0080009e        0x0 e:/amit embedded/tooling/toolchains/avr/bin/../lib/gcc/avr/7.3.0/avr5\libgcc.a(_udivmodhi4.o)
 .bss           0x0080009e        0x0 e:/amit embedded/tooling/toolchains/avr/bin/../lib/gcc/avr/7.3.0/avr5\libgcc.a(_udivmodsi4.o)
 .bss           0x0080009e        0x0 e:/amit embedded/tooling/toolchains/avr/bin/../lib/gcc/avr/7.3.0/avr5\libgcc.a(_exit.o)
 .bss           0x0080009e        0x0 e:/amit embedded/tooling/toolchains/avr/bin/../lib/gcc/avr/7.3.0/avr5\libgcc.a(_copy_data.o)
 .bss           0x0080009e        0x0 e:/amit embedded/tooling/toolchains/avr/bin/../lib/gcc/avr/7.3.0/avr5\libgcc.a(_clear_bss.o)
 .bss           0x0080009e        0x0 e:/amit embedded/tooling/toolchains/avr/bin/../lib/gcc/avr/7.3.0/avr5\libgcc.a(_umulhisi3.o)
 .bss           0x0080009e        0x0 e:/amit embedded/tooling/toolchains/avr/bin/../lib/gcc/avr/7.3.0/../../../../avr/lib/avr5\libm.a(divsf3.o)
 .bss           0x0080009e        0x0 e:/amit embedded/tooling/toolchains/avr/bin/../lib/gcc/avr/7.3.0/../../../../avr/lib/avr5\libm.a(divsf3x.o)
 .bss           0x0080009e        0x0 e:/amit embedded/tooling/toolchains/avr/bin/../lib/gcc/avr/7.3.0/../../../../avr/lib/avr5\libm.a(fixsfsi.o)
 .bss           0x0080009e        0x0 e:/amit embedded/tooling/toolchains/avr/bin/../lib/gcc/avr/7.3.0/../../../../avr/lib/avr5\libm.a(fixunssfsi.o)
 .bss           0x0080009e        0x0 e:/amit embedded/tooling/toolchains/avr/bin/../lib/gcc/avr/7.3.0/../../../../avr/lib/avr5\libm.a(floatsisf.o)
 .bss           0x0080009e        0x0 e:/amit embedded/tooling/toolchains/avr/bin/../lib/gcc/avr/7.3.0/../../../../avr/lib/avr5\libm.a(fp_inf.o)
 .bss           0x0080009e        0x0 e:/amit embedded/tooling/toolchains/avr/bin/../lib/gcc/avr/7.3.0/../../../../avr/lib/avr5\libm.a(fp_nan.o)
 .bss           0x0080009e        0x0 e:/amit embedded/tooling/toolchains/avr/bin/../lib/gcc/avr/7.3.0/../../../../avr/lib/avr5\libm.a(fp_pscA.o)
 .bss           0x0080009e        0x0 e:/amit embedded/tooling/toolchains/avr/bin/../lib/gcc/avr/7.3.0/../../../../avr/lib/avr5\libm.a(fp_pscB.o)
 .bss           0x0080009e        0x0 e:/amit embedded/tooling/toolchains/avr/bin/../lib/gcc/avr/7.3.0/../../../../avr/lib/avr5\libm.a(fp_round.o)
 .bss           0x0080009e        0x0 e:/amit embedded/tooling/toolchains/avr/bin/../lib/gcc/avr/7.3.0/../../../../avr/lib/avr5\libm.a(fp_split3.o)
 .bss           0x0080009e        0x0 e:/amit embedded/tooling/toolchains/avr/bin/../lib/gcc/avr/7.3.0/../../../../avr/lib/avr5\libm.a(fp_zero.o)
 *(.bss*)
 *(COMMON)
                0x0080009e                PROVIDE (__bss_end, .)
                0x00000d18                __data_load_start = LOADADDR (.data)
                0x00000d3e                __data_load_end = (__data_load_start + SIZEOF (.data))

.noinit         0x0080009e        0x0
                [!provide]                PROVIDE (__noinit_start, .)
 *(.noinit*)
                [!provide]                PROVIDE (__noinit_end, .)
                0x0080009e                _end = .
                [!provide]                PROVIDE (__heap_start, .)

.eeprom         0x00810000        0x0
 *(.eeprom*)
                0x00810000                __eeprom_end = .

.fuse
 *(.fuse)
 *(.lfuse)
 *(.hfuse)
 *(.efuse)

.lock
 *(.lock*)

.signature
 *(.signature*)

.user_signatures
 *(.user_signatures*)

.stab
 *(.stab)

.stabstr
 *(.stabstr)

.stab.excl
 *(.stab.excl)

.stab.exclstr
 *(.stab.exclstr)

.stab.index
 *(.stab.index)

.stab.indexstr
 *(.stab.indexstr)

.comment        0x00000000       0x11
 *(.comment)
 .comment       0x00000000       0x11 main.o
                                 0x12 (size before relaxing)
 .comment       0x00000011       0x12 MDIO_program.o
 .comment       0x00000011       0x12 MTIMER_program.o
 .comment       0x00000011       0x12 HLCD_program.o

.note.gnu.avr.deviceinfo
                0x00000000       0x3c
 .note.gnu.avr.deviceinfo
                0x00000000       0x3c e:/amit embedded/tooling/toolchains/avr/bin/../lib/gcc/avr/7.3.0/../../../../avr/lib/avr5/crtatmega32.o

.note.gnu.build-id
 *(.note.gnu.build-id)

.debug
 *(.debug)

.line
 *(.line)

.debug_srcinfo
 *(.debug_srcinfo)

.debug_sfnames
 *(.debug_sfnames)

.debug_aranges  0x00000000       0xe0
 *(.debug_aranges)
 .debug_aranges
                0x00000000       0x20 e:/amit embedded/tooling/toolchains/avr/bin/../lib/gcc/avr/7.3.0/avr5\libgcc.a(_udivmodqi4.o)
 .debug_aranges
                0x00000020       0x20 e:/amit embedded/tooling/toolchains/avr/bin/../lib/gcc/avr/7.3.0/avr5\libgcc.a(_udivmodhi4.o)
 .debug_aranges
                0x00000040       0x20 e:/amit embedded/tooling/toolchains/avr/bin/../lib/gcc/avr/7.3.0/avr5\libgcc.a(_udivmodsi4.o)
 .debug_aranges
                0x00000060       0x20 e:/amit embedded/tooling/toolchains/avr/bin/../lib/gcc/avr/7.3.0/avr5\libgcc.a(_exit.o)
 .debug_aranges
                0x00000080       0x20 e:/amit embedded/tooling/toolchains/avr/bin/../lib/gcc/avr/7.3.0/avr5\libgcc.a(_copy_data.o)
 .debug_aranges
                0x000000a0       0x20 e:/amit embedded/tooling/toolchains/avr/bin/../lib/gcc/avr/7.3.0/avr5\libgcc.a(_clear_bss.o)
 .debug_aranges
                0x000000c0       0x20 e:/amit embedded/tooling/toolchains/avr/bin/../lib/gcc/avr/7.3.0/avr5\libgcc.a(_umulhisi3.o)

.debug_pubnames
 *(.debug_pubnames)

.debug_info     0x00000000      0xa03
 *(.debug_info .gnu.linkonce.wi.*)
 .debug_info    0x00000000      0x4e6 e:/amit embedded/tooling/toolchains/avr/bin/../lib/gcc/avr/7.3.0/../../../../avr/lib/avr5/crtatmega32.o
 .debug_info    0x000004e6       0xbb e:/amit embedded/tooling/toolchains/avr/bin/../lib/gcc/avr/7.3.0/avr5\libgcc.a(_udivmodqi4.o)
 .debug_info    0x000005a1       0xbb e:/amit embedded/tooling/toolchains/avr/bin/../lib/gcc/avr/7.3.0/avr5\libgcc.a(_udivmodhi4.o)
 .debug_info    0x0000065c       0xbb e:/amit embedded/tooling/toolchains/avr/bin/../lib/gcc/avr/7.3.0/avr5\libgcc.a(_udivmodsi4.o)
 .debug_info    0x00000717       0xbb e:/amit embedded/tooling/toolchains/avr/bin/../lib/gcc/avr/7.3.0/avr5\libgcc.a(_exit.o)
 .debug_info    0x000007d2       0xbb e:/amit embedded/tooling/toolchains/avr/bin/../lib/gcc/avr/7.3.0/avr5\libgcc.a(_copy_data.o)
 .debug_info    0x0000088d       0xbb e:/amit embedded/tooling/toolchains/avr/bin/../lib/gcc/avr/7.3.0/avr5\libgcc.a(_clear_bss.o)
 .debug_info    0x00000948       0xbb e:/amit embedded/tooling/toolchains/avr/bin/../lib/gcc/avr/7.3.0/avr5\libgcc.a(_umulhisi3.o)

.debug_abbrev   0x00000000      0x52f
 *(.debug_abbrev)
 .debug_abbrev  0x00000000      0x4a3 e:/amit embedded/tooling/toolchains/avr/bin/../lib/gcc/avr/7.3.0/../../../../avr/lib/avr5/crtatmega32.o
 .debug_abbrev  0x000004a3       0x14 e:/amit embedded/tooling/toolchains/avr/bin/../lib/gcc/avr/7.3.0/avr5\libgcc.a(_udivmodqi4.o)
 .debug_abbrev  0x000004b7       0x14 e:/amit embedded/tooling/toolchains/avr/bin/../lib/gcc/avr/7.3.0/avr5\libgcc.a(_udivmodhi4.o)
 .debug_abbrev  0x000004cb       0x14 e:/amit embedded/tooling/toolchains/avr/bin/../lib/gcc/avr/7.3.0/avr5\libgcc.a(_udivmodsi4.o)
 .debug_abbrev  0x000004df       0x14 e:/amit embedded/tooling/toolchains/avr/bin/../lib/gcc/avr/7.3.0/avr5\libgcc.a(_exit.o)
 .debug_abbrev  0x000004f3       0x14 e:/amit embedded/tooling/toolchains/avr/bin/../lib/gcc/avr/7.3.0/avr5\libgcc.a(_copy_data.o)
 .debug_abbrev  0x00000507       0x14 e:/amit embedded/tooling/toolchains/avr/bin/../lib/gcc/avr/7.3.0/avr5\libgcc.a(_clear_bss.o)
 .debug_abbrev  0x0000051b       0x14 e:/amit embedded/tooling/toolchains/avr/bin/../lib/gcc/avr/7.3.0/avr5\libgcc.a(_umulhisi3.o)

.debug_line     0x00000000      0x4d8
 *(.debug_line .debug_line.* .debug_line_end)
 .debug_line    0x00000000       0x1a e:/amit embedded/tooling/toolchains/avr/bin/../lib/gcc/avr/7.3.0/../../../../avr/lib/avr5/crtatmega32.o
 .debug_line    0x0000001a       0x9e e:/amit embedded/tooling/toolchains/avr/bin/../lib/gcc/avr/7.3.0/avr5\libgcc.a(_udivmodqi4.o)
 .debug_line    0x000000b8       0xce e:/amit embedded/tooling/toolchains/avr/bin/../lib/gcc/avr/7.3.0/avr5\libgcc.a(_udivmodhi4.o)
 .debug_line    0x00000186      0x122 e:/amit embedded/tooling/toolchains/avr/bin/../lib/gcc/avr/7.3.0/avr5\libgcc.a(_udivmodsi4.o)
 .debug_line    0x000002a8       0x62 e:/amit embedded/tooling/toolchains/avr/bin/../lib/gcc/avr/7.3.0/avr5\libgcc.a(_exit.o)
 .debug_line    0x0000030a       0x98 e:/amit embedded/tooling/toolchains/avr/bin/../lib/gcc/avr/7.3.0/avr5\libgcc.a(_copy_data.o)
 .debug_line    0x000003a2       0x86 e:/amit embedded/tooling/toolchains/avr/bin/../lib/gcc/avr/7.3.0/avr5\libgcc.a(_clear_bss.o)
 .debug_line    0x00000428       0xb0 e:/amit embedded/tooling/toolchains/avr/bin/../lib/gcc/avr/7.3.0/avr5\libgcc.a(_umulhisi3.o)

.debug_frame
 *(.debug_frame)

.debug_str      0x00000000      0x196
 *(.debug_str)
 .debug_str     0x00000000      0x196 e:/amit embedded/tooling/toolchains/avr/bin/../lib/gcc/avr/7.3.0/../../../../avr/lib/avr5/crtatmega32.o

.debug_loc
 *(.debug_loc)

.debug_macinfo
 *(.debug_macinfo)

.debug_weaknames
 *(.debug_weaknames)

.debug_funcnames
 *(.debug_funcnames)

.debug_typenames
 *(.debug_typenames)

.debug_varnames
 *(.debug_varnames)

.debug_pubtypes
 *(.debug_pubtypes)

.debug_ranges
 *(.debug_ranges)

.debug_macro
 *(.debug_macro)
OUTPUT(main.elf elf32-avr)
LOAD linker stubs
